<?xml version="1.0" encoding="utf-8"?><testsuites name="pytest tests"><testsuite name="pytest" errors="0" failures="0" skipped="0" tests="5" time="0.196" timestamp="2026-02-20T23:25:42.440519+00:00" hostname="Pavan-Naiks-MacBook-Pro.local"><testcase classname="tests.test_gen_and_embed" name="test_run_generation_task_default" time="0.003" /><testcase classname="tests.test_gen_and_embed" name="test_run_generation_task_custom_query" time="0.002" /><testcase classname="tests.test_gen_and_embed" name="test_run_embedding_task_default" time="0.039" /><testcase classname="tests.test_gen_and_embed" name="test_run_embedding_task_custom_text" time="0.001" /><testcase classname="tests.test_gen_and_embed" name="test_run_embedding_task_values_in_range" time="0.002" /></testsuite></testsuites>